------------------------------------------------------------
TimeQuest Timing Analyzer Summary
------------------------------------------------------------

Type  : Slow 1200mV 85C Model Setup 'clock'
Slack : -2.490
TNS   : -22.817

Type  : Slow 1200mV 85C Model Setup 'div_freq:inst8|temporal'
Slack : 0.178
TNS   : 0.000

Type  : Slow 1200mV 85C Model Hold 'div_freq:inst8|temporal'
Slack : 0.358
TNS   : 0.000

Type  : Slow 1200mV 85C Model Hold 'clock'
Slack : 0.556
TNS   : 0.000

Type  : Slow 1200mV 85C Model Minimum Pulse Width 'clock'
Slack : -3.000
TNS   : -21.000

Type  : Slow 1200mV 85C Model Minimum Pulse Width 'div_freq:inst8|temporal'
Slack : -1.000
TNS   : -2.000

Type  : Slow 1200mV 0C Model Setup 'clock'
Slack : -2.166
TNS   : -18.301

Type  : Slow 1200mV 0C Model Setup 'div_freq:inst8|temporal'
Slack : 0.258
TNS   : 0.000

Type  : Slow 1200mV 0C Model Hold 'div_freq:inst8|temporal'
Slack : 0.312
TNS   : 0.000

Type  : Slow 1200mV 0C Model Hold 'clock'
Slack : 0.499
TNS   : 0.000

Type  : Slow 1200mV 0C Model Minimum Pulse Width 'clock'
Slack : -3.000
TNS   : -21.000

Type  : Slow 1200mV 0C Model Minimum Pulse Width 'div_freq:inst8|temporal'
Slack : -1.000
TNS   : -2.000

Type  : Fast 1200mV 0C Model Setup 'clock'
Slack : -0.958
TNS   : -5.324

Type  : Fast 1200mV 0C Model Setup 'div_freq:inst8|temporal'
Slack : 0.540
TNS   : 0.000

Type  : Fast 1200mV 0C Model Hold 'div_freq:inst8|temporal'
Slack : 0.188
TNS   : 0.000

Type  : Fast 1200mV 0C Model Hold 'clock'
Slack : 0.297
TNS   : 0.000

Type  : Fast 1200mV 0C Model Minimum Pulse Width 'clock'
Slack : -3.000
TNS   : -21.982

Type  : Fast 1200mV 0C Model Minimum Pulse Width 'div_freq:inst8|temporal'
Slack : -1.000
TNS   : -2.000

------------------------------------------------------------
