------------------------------------------------------------
TimeQuest Timing Analyzer Summary
------------------------------------------------------------

Type  : Slow 1200mV 85C Model Setup 'clock'
Slack : -5.071
TNS   : -201.284

Type  : Slow 1200mV 85C Model Hold 'clock'
Slack : 0.343
TNS   : 0.000

Type  : Slow 1200mV 85C Model Recovery 'clock'
Slack : 0.075
TNS   : 0.000

Type  : Slow 1200mV 85C Model Removal 'clock'
Slack : 0.496
TNS   : 0.000

Type  : Slow 1200mV 85C Model Minimum Pulse Width 'clock'
Slack : -3.000
TNS   : -4192.000

Type  : Slow 1200mV 0C Model Setup 'clock'
Slack : -4.440
TNS   : -170.921

Type  : Slow 1200mV 0C Model Hold 'clock'
Slack : 0.299
TNS   : 0.000

Type  : Slow 1200mV 0C Model Recovery 'clock'
Slack : 0.170
TNS   : 0.000

Type  : Slow 1200mV 0C Model Removal 'clock'
Slack : 0.443
TNS   : 0.000

Type  : Slow 1200mV 0C Model Minimum Pulse Width 'clock'
Slack : -3.000
TNS   : -4192.000

Type  : Fast 1200mV 0C Model Setup 'clock'
Slack : -2.683
TNS   : -80.152

Type  : Fast 1200mV 0C Model Hold 'clock'
Slack : 0.178
TNS   : 0.000

Type  : Fast 1200mV 0C Model Recovery 'clock'
Slack : 0.466
TNS   : 0.000

Type  : Fast 1200mV 0C Model Removal 'clock'
Slack : 0.283
TNS   : 0.000

Type  : Fast 1200mV 0C Model Minimum Pulse Width 'clock'
Slack : -3.000
TNS   : -4432.541

------------------------------------------------------------
